gcc -g p5original.c
 gdb a.out
GNU gdb (Ubuntu 8.1.1-0ubuntu1) 8.1.1
Copyright (C) 2018 Free Software Foundation, Inc.
License GPLv3+: GNU GPL version 3 or later <http://gnu.org/licenses/gpl.html>
This is free software: you are free to change and redistribute it.
There is NO WARRANTY, to the extent permitted by law.  Type "show copying"
and "show warranty" for details.
This GDB was configured as "x86_64-linux-gnu".
Type "show configuration" for configuration details.
For bug reporting instructions, please see:
<http://www.gnu.org/software/gdb/bugs/>.
Find the GDB manual and other documentation resources online at:
<http://www.gnu.org/software/gdb/documentation/>.
For help, type "help".
Type "apropos word" to search for commands related to "word"...
Reading symbols from a.out...done.
(gdb) b main
Breakpoint 1 at 0x808: file p5original.c, line 32.
(gdb) r
Starting program: /home/runner/pps-test1-Sahanakarishetti1-15/a.out 
warning: Error disabling address space randomization: Operation not permitted

Breakpoint 1, main () at p5original.c:32
32     {
(gdb) n
34       input(&x,&y,&z);
(gdb) n
enter any three numbers
4
35       cmp(x,y,z,&large);
(gdb) b main
Note: breakpoint 1 also set at pc 0x5594f1800808.
Breakpoint 2 at 0x5594f1800808: file p5original.c, line 32.
(gdb) r
The program being debugged has been started already.
Start it from the beginning? (y or n) y
Starting program: /home/runner/pps-test1-Sahanakarishetti1-15/a.out 
warning: Error disabling address space randomization: Operation not permitted

 
 gcc -g p5original.c
 gdb a.out
GNU gdb (Ubuntu 8.1.1-0ubuntu1) 8.1.1
Copyright (C) 2018 Free Software Foundation, Inc.
License GPLv3+: GNU GPL version 3 or later <http://gnu.org/licenses/gpl.html>
This is free software: you are free to change and redistribute it.
There is NO WARRANTY, to the extent permitted by law.  Type "show copying"
and "show warranty" for details.
This GDB was configured as "x86_64-linux-gnu".
Type "show configuration" for configuration details.
For bug reporting instructions, please see:
<http://www.gnu.org/software/gdb/bugs/>.
 
 gcc -g p5original.c
 gdb a.out
GNU gdb (Ubuntu 8.1.1-0ubuntu1) 8.1.1
Copyright (C) 2018 Free Software Foundation, Inc.
License GPLv3+: GNU GPL version 3 or later <http://gnu.org/licenses/gpl.html>
This is free software: you are free to change and redistribute it.
There is NO WARRANTY, to the extent permitted by law.  Type "show copying"
and "show warranty" for details.
This GDB was configured as "x86_64-linux-gnu".
Type "show configuration" for configuration details.
For bug reporting instructions, please see:
<http://www.gnu.org/software/gdb/bugs/>.
Find the GDB manual and other documentation resources online at:
<http://www.gnu.org/software/gdb/documentation/>.
For help, type "help".
Type "apropos word" to search for commands related to "word"...
Reading symbols from a.out...done.
(gdb) b main
Breakpoint 1 at 0x80b: file p5original.c, line 36.
(gdb) r
Starting program: /home/runner/pps-test1-Sahanakarishetti1-15/a.out 
warning: Error disabling address space randomization: Operation not permitted

Breakpoint 1, main () at p5original.c:36
36     {
(gdb) n
38       input(&x,&y,&z);
(gdb) n
enter any three numbers
3,5,7
39       cmp(x,y,z,&large);
(gdb) s
cmp (a=3, b=5, c=7, large=0x7ffe95e7d244) at p5original.c:4
4     if(a>b)
(gdb) n
17         if(b>c)
(gdb) n
23    *large=c;
(gdb) n
26  }
(gdb) n
main () at p5original.c:40
40       printf("the large number is %d",large);
(gdb) n
41       return 0;
(gdb) c
Continuing.
the large number is 7[Inferior 1 (process 112) exited normally]
(gdb)